{
  "3836108c": "var a = 1;\nconsole.log(\"yes\");\nvar b = 2;\n    ",
  "01e945e02": "function test(){\n          console.log(1)\n        }\n    ",
  "03241221b": "var a = 1;\nconsole.log(\"no\");\nvar b = 2;\n    ",
  "019f0a56e": "alert('no')",
  "30bcca3f": "console.log(\"yes\")",
  "58100fc8": "alert('no')",
  "019b1a1b0": "function test(){\n          return;\n      }\n      ",
  "056db39d7": "console.log(\"yes\")",
  "0779f292b": "alert(1)",
  "07c1cd90e": "alert(1)",
  "201b39be": "alert(1)",
  "47603d6a": "alert(1)",
  "5b0ec7f0": "alert(1)",
  "7dd77c77": "alert(1)",
  "655e49d9": "alert(1)",
  "472cf26f": "alert(1)",
  "11af3154": "alert(2)",
  "05bcd616d": "alert(2)",
  "0518e38c3": "",
  "0438aa175": "",
  "016e44f0f": "alert(2)",
  "3acd5156": "alert(2)",
  "9b07fda": "",
  "028742232": "",
  "059dbdfed": "alert(2)",
  "15879f4": "alert(2)",
  "05179d704": "",
  "02ff77c94": "",
  "0a4b598e": "alert(2)",
  "050f3764b": "alert(2)",
  "05baebda5": "",
  "02c729353": "",
  "0291f8cab": "alert(1)",
  "33a6fa72": "alert(1)",
  "28ad563e": "alert(1)",
  "3ba550ea": "alert(1)",
  "0237d4490": "alert(1)",
  "03971e709": "alert(1)",
  "6f0fbd59": "alert(1)",
  "02475b111": "alert(1)"
}