{
  "46ed3a3d": "console.log(yes);\n    ",
  "05b4538a0": "",
  "07d7fff32": "console.log(\"no\")\n    "
}