{
  "67e4a6f6": "const __req1__ = require(\"./foo\");\nconsole.log({\n  foo: __req1__.foo\n});\n",
  "67e4a6f7": "const __req1__ = require(\"./foo\");\nconsole.log({\n  foo: __req1__.foo,\n  bar\n});\n",
  "67e4a6f8": "const __req1__ = require(\"./foo\");\nfunction hello(foo, bar) {\n  console.log({\n    foo,\n    bar\n  });\n}\n",
  "7fdb0c5a": "const __req1__ = require(\"mod\");\nconst shutdownHttpServer = () => new Promise(resolve => {\n  server.close(() => {\n    resolve();\n  });\n});\n"
}